
> nextn@0.1.0 build
> next build

Γû▓ Next.js 16.1.6 (Turbopack)
- Environments: .env.local, .env
- Experiments (use with caution):
  ┬╖ serverActions

  Creating an optimized production build ...
node.exe : 
At line:1 char:1
+ & "C:\Program 
Files\nodejs/node.exe" 
"C:\Program 
Files\nodejs/node_mo 
...
+ ~~~~~~~~~~~~~~~~~~~~~
~~~~~~~~~~~~~~~~~~~~~~~
~~~~~~~~~~~~~~~~~~~~~~~
~~
    + CategoryInfo     
         : NotSpecifi  
  ed: (:String) [],    
 RemoteException
    + FullyQualifiedEr 
   rorId : NativeComm  
  andError
 
> Build error occurred
Error: Turbopack build 
failed with 1 errors:
./src/lib/admin-actions
.ts:1977:23
Ecmascript file had an 
error
[0m [90m 1975 |[39m 
[90m// --- Product 
Requests Management 
---[39m
 [90m 1976 |[39m
[31m[1m>[22m[39m[9
0m 1977 |[39m 
[36mexport[39m 
[36masync[39m 
[36mfunction[39m 
getProductRequests() {
 [90m      |[39m     
                  [31m
[1m^[22m[39m[31m[1
m^[22m[39m[31m[1m^
[22m[39m[31m[1m^[22
m[39m[31m[1m^[22m[
39m[31m[1m^[22m[39m
[31m[1m^[22m[39m[3
1m[1m^[22m[39m[31m
[1m^[22m[39m[31m[1m
^[22m[39m[31m[1m^[
22m[39m[31m[1m^[22m
[39m[31m[1m^[22m[3
9m[31m[1m^[22m[39m
[31m[1m^[22m[39m[31
m[1m^[22m[39m[31m[
1m^[22m[39m[31m[1m^
[22m[39m
 [90m 1978 |[39m     
[36mawait[39m require
Admin()[33m;[39m
 [90m 1979 |[39m     
[36mconst[39m 
supabase [33m=[39m 
[36mawait[39m createS
upabaseServerClient()[
33m;[39m
 [90m 1980 |[39m     
[0m

the name 
`getProductRequests` 
is defined multiple 
times

Import traces:
  Server Component:
    ./src/lib/admin-act
ions.ts
    ./src/app/(dashboar
d)/admin/analytics/page
.tsx

  App Route:
    ./src/lib/admin-act
ions.ts
    ./src/lib/order-ass
ignment.ts
    ./src/app/api/webho
oks/paystack/route.ts

  Client Component 
Browser:
    ./src/lib/admin-act
ions.ts [Client 
Component Browser]
    ./src/app/(dashboar
d)/admin/refills/refill
s-table.tsx [Client 
Component Browser]
    ./src/app/(dashboar
d)/admin/refills/refill
s-table.tsx [Server 
Component]
    ./src/app/(dashboar
d)/admin/refills/page.t
sx [Server Component]

  Client Component SSR:
    ./src/lib/admin-act
ions.ts [Client 
Component SSR]
    ./src/app/(dashboar
d)/admin/refills/refill
s-table.tsx [Client 
Component SSR]
    ./src/app/(dashboar
d)/admin/refills/refill
s-table.tsx [Server 
Component]
    ./src/app/(dashboar
d)/admin/refills/page.t
sx [Server Component]


    at <unknown> (./src
/lib/admin-actions.ts:1
977:23)
